--------------------------------- Version Log ----------------------------------
Version                                 Path
System Generator 2022.2                 C:/Xilinx/Vivado/2022.2
Matlab 9.11.0.2358333 (R2021b) Update 7 C:\Program Files\MATLAB\R2021b
Vivado 2022.2                           C:/Xilinx/Vivado/2022.2
--------------------------------------------------------------------------------
Summary of Errors:
Error 0001: ERROR: [USF-XSim-62] 'elaborate' step failed with error(s...
     Block: 'cosim_der1/Vitis Model Composer Hub'
Error 0002: ERROR: [USF-XSim-62] 'elaborate' step failed with error(s...
     Block: 'cosim_der1/Vector Real Gateway In/Vector Real Gateway In_8'
--------------------------------------------------------------------------------

Error 0001:

Reported by:
  'cosim_der1/Vitis Model Composer Hub'

Details:
ERROR: [USF-XSim-62] 'elaborate' step failed with error(s). Please
check the Tcl console output or
'C:/Users/fabus/AppData/Local/Temp/xlsim693b1e97/hdl_netlist/xelab.sim/sim_1/behav/xsim/elaborate.log'
file for more information.
Please refer to
'C:/Users/fabus/AppData/Local/Temp/xlsim693b1e97/vivado.log' for
more details.

--------------------------------------------------------------------------------

Error 0001:

Reported by:
  'cosim_der1/Vector Real Gateway In/Vector Real Gateway In_8'

Details:
ERROR: [USF-XSim-62] 'elaborate' step failed with error(s). Please
check the Tcl console output or
'C:/Users/fabus/AppData/Local/Temp/xlsim693b1e97/hdl_netlist/xelab.sim/sim_1/behav/xsim/elaborate.log'
file for more information.
Please refer to
'C:/Users/fabus/AppData/Local/Temp/xlsim693b1e97/vivado.log' for
more details.

--------------------------------------------------------------------------------
